stm32f4xx_ll_utils.h:261:22:LL_InitTick	16	static
stm32f4xx_ll_rcc.h:2931:22:LL_RCC_HSE_EnableBypass	4	static
stm32f4xx_ll_rcc.h:2941:22:LL_RCC_HSE_DisableBypass	4	static
stm32f4xx_ll_rcc.h:2951:22:LL_RCC_HSE_Enable	4	static
stm32f4xx_ll_rcc.h:2971:26:LL_RCC_HSE_IsReady	4	static
stm32f4xx_ll_rcc.h:2989:22:LL_RCC_HSI_Enable	4	static
stm32f4xx_ll_rcc.h:3009:26:LL_RCC_HSI_IsReady	4	static
stm32f4xx_ll_rcc.h:3190:22:LL_RCC_SetSysClkSource	16	static
stm32f4xx_ll_rcc.h:3206:26:LL_RCC_GetSysClkSource	4	static
stm32f4xx_ll_rcc.h:3226:22:LL_RCC_SetAHBPrescaler	16	static
stm32f4xx_ll_rcc.h:3242:22:LL_RCC_SetAPB1Prescaler	16	static
stm32f4xx_ll_rcc.h:3258:22:LL_RCC_SetAPB2Prescaler	16	static
stm32f4xx_ll_rcc.h:4186:22:LL_RCC_PLL_Enable	4	static
stm32f4xx_ll_rcc.h:4207:26:LL_RCC_PLL_IsReady	4	static
stm32f4xx_ll_rcc.h:4306:22:LL_RCC_PLL_ConfigDomain_SYS	24	static
stm32f4xx_ll_rcc.h:5155:26:LL_RCC_PLLI2S_IsReady	4	static
stm32f4xx_ll_system.h:1542:22:LL_FLASH_SetLatency	16	static
stm32f4xx_ll_system.h:1568:26:LL_FLASH_GetLatency	4	static
stm32f4xx_ll_pwr.h:521:26:LL_PWR_GetRegulVoltageScaling	4	static
stm32f4xx_ll_utils.c:258:6:LL_Init1msTick	16	static
stm32f4xx_ll_utils.c:274:6:LL_mDelay	24	static
stm32f4xx_ll_utils.c:324:6:LL_SetSystemCoreClock	16	static
stm32f4xx_ll_utils.c:339:13:LL_SetFlashLatency	32	static
stm32f4xx_ll_utils.c:484:13:LL_PLL_ConfigSystemClock_HSI	24	static
stm32f4xx_ll_utils.c:541:13:LL_PLL_ConfigSystemClock_HSE	32	static
stm32f4xx_ll_utils.c:612:17:UTILS_GetPLLOutputFrequency	24	static
stm32f4xx_ll_utils.c:643:20:UTILS_PLL_IsBusy	16	static
stm32f4xx_ll_utils.c:682:20:UTILS_EnablePLLAndSwitchSystem	24	static
