stm32f4xx_ll_dma.h:495:22:LL_DMA_EnableStream	16	static
stm32f4xx_ll_dma.h:515:22:LL_DMA_DisableStream	16	static
stm32f4xx_ll_dma.h:969:22:LL_DMA_SetDataLength	24	static
stm32f4xx_ll_dma.h:1793:26:LL_DMA_IsActiveFlag_TC5	16	static
stm32f4xx_ll_dma.h:2233:22:LL_DMA_ClearFlag_TC5	16	static
stm32f4xx_ll_exti.h:835:26:LL_EXTI_IsActiveFlag_0_31	16	static
stm32f4xx_ll_exti.h:911:22:LL_EXTI_ClearFlag_0_31	16	static
stm32f4xx_ll_tim.h:3124:22:LL_TIM_ClearFlag_UPDATE	16	static
stm32f4xx_ll_tim.h:3135:26:LL_TIM_IsActiveFlag_UPDATE	16	static
stm32f4xx_ll_usart.h:1780:26:LL_USART_IsActiveFlag_IDLE	16	static
stm32f4xx_ll_usart.h:1952:22:LL_USART_ClearFlag_IDLE	24	static
stm32f4xx_ll_gpio.h:940:22:LL_GPIO_TogglePin	24	static
stm32f4xx_it.c:72:6:NMI_Handler	8	static
stm32f4xx_it.c:87:6:HardFault_Handler	8	static
stm32f4xx_it.c:102:6:MemManage_Handler	8	static
stm32f4xx_it.c:117:6:BusFault_Handler	8	static
stm32f4xx_it.c:132:6:UsageFault_Handler	8	static
stm32f4xx_it.c:147:6:DebugMon_Handler	8	static
stm32f4xx_it.c:167:6:DMA1_Stream5_IRQHandler	24	static,ignoring_inline_asm
stm32f4xx_it.c:192:6:TIM1_TRG_COM_TIM11_IRQHandler	8	static
stm32f4xx_it.c:206:6:TIM3_IRQHandler	24	static,ignoring_inline_asm
stm32f4xx_it.c:230:6:USART1_IRQHandler	24	static,ignoring_inline_asm
stm32f4xx_it.c:259:6:USART2_IRQHandler	24	static,ignoring_inline_asm
stm32f4xx_it.c:288:6:EXTI15_10_IRQHandler	8	static
stm32f4xx_it.c:308:6:DMA2_Stream5_IRQHandler	24	static,ignoring_inline_asm
